---
source: crates/formatter/tests/snapshots.rs
expression: formatted
---
-- name: GetChatModelConfigByID :one
select * from chat_model_configs where id = @id::uuid and deleted = false;

-- name: GetDefaultChatModelConfig :one
select * from chat_model_configs where is_default = true and deleted = false;

-- name: GetChatModelConfigs :many
select cmc.*
from chat_model_configs cmc
	left join ai_providers ap on ap.id = cmc.ai_provider_id
where cmc.deleted = false
order by ap.type::text asc, cmc.model asc, cmc.updated_at desc, cmc.id desc;

-- name: GetEnabledChatModelConfigs :many
select sqlc.embed(cmc), ap.type::text as provider
from chat_model_configs cmc join ai_providers ap on ap.id = cmc.ai_provider_id
where
	cmc.enabled = true
	and cmc.deleted = false
	and ap.enabled = true
	and ap.deleted = false
order by ap.type::text asc, cmc.model asc, cmc.updated_at desc, cmc.id desc;

-- name: GetEnabledChatModelConfigByID :one
select cmc.*
from chat_model_configs cmc
	-- Providers can be disabled independently of their model configs.
	-- Check both to ensure the selected config is actually usable.
	join ai_providers ap on ap.id = cmc.ai_provider_id
where
	cmc.id = @id::uuid
	and cmc.deleted = false
	and cmc.enabled = true
	and ap.enabled = true
	and ap.deleted = false;

-- name: InsertChatModelConfig :one
insert into chat_model_configs (
	model,
	display_name,
	created_by,
	updated_by,
	enabled,
	is_default,
	context_limit,
	compression_threshold,
	options,
	ai_provider_id
)
values
	(
		@model::text,
		@display_name::text,
		sqlc.narg('created_by')::uuid,
		sqlc.narg('updated_by')::uuid,
		@enabled::boolean,
		@is_default::boolean,
		@context_limit::bigint,
		@compression_threshold::integer,
		@options::jsonb,
		sqlc.narg('ai_provider_id')::uuid
	)
returning *;

-- name: UpdateChatModelConfig :one
update chat_model_configs
set
	model = @model::text,
	display_name = @display_name::text,
	updated_by = sqlc.narg('updated_by')::uuid,
	enabled = @enabled::boolean,
	is_default = @is_default::boolean,
	context_limit = @context_limit::bigint,
	compression_threshold = @compression_threshold::integer,
	options = @options::jsonb,
	ai_provider_id = sqlc.narg('ai_provider_id')::uuid,
	updated_at = now()
where id = @id::uuid and deleted = false
returning *;

-- name: UnsetDefaultChatModelConfigs :exec
update chat_model_configs
set is_default = false, updated_at = now()
where is_default = true and deleted = false;

-- name: DeleteChatModelConfigByID :exec
update chat_model_configs
set deleted = true, deleted_at = now(), updated_at = now()
where id = @id::uuid;

-- name: DeleteChatModelConfigsByAIProviderID :exec
update chat_model_configs
set deleted = true, deleted_at = now(), updated_at = now()
where ai_provider_id = @ai_provider_id::uuid and deleted = false;
