---
source: crates/formatter/tests/snapshots.rs
expression: formatted
---
-- name: InsertTemplateVersionParameter :one
insert into template_version_parameters (
	template_version_id,
	name,
	description,
	type,
	form_type,
	mutable,
	default_value,
	icon,
	options,
	validation_regex,
	validation_min,
	validation_max,
	validation_error,
	validation_monotonic,
	required,
	display_name,
	display_order,
	ephemeral
)
values
	(
		$1,
		$2,
		$3,
		$4,
		$5,
		$6,
		$7,
		$8,
		$9,
		$10,
		$11,
		$12,
		$13,
		$14,
		$15,
		$16,
		$17,
		$18
	)
returning *;

-- name: GetTemplateVersionParameters :many
select *
from template_version_parameters
where template_version_id = $1
order by display_order asc, LOWER(name) asc;
