---
source: crates/formatter/tests/snapshots.rs
expression: formatted
---
create table template_version_presets (
	id UUID primary key not null,
	template_version_id UUID not null,
	name text not null,
	created_at timestamp with time zone not null default CURRENT_TIMESTAMP,
	foreign key (template_version_id) references template_versions (id)
		on delete cascade
);

create table template_version_preset_parameters (
	id UUID primary key not null,
	template_version_preset_id UUID not null,
	name text not null,
	value text not null,
	foreign key (template_version_preset_id)
		references template_version_presets (id) on delete cascade
);

alter table workspace_builds add column template_version_preset_id UUID null;

alter table workspace_builds
	add constraint workspace_builds_template_version_preset_id_fkey foreign key (
		template_version_preset_id
	) references template_version_presets (id) on delete set null;

-- Recreate the view to include the new column.
drop view workspace_build_with_user;
create view workspace_build_with_user as
select
	workspace_builds.*,
	coalesce(visible_users.avatar_url, '') as initiator_by_avatar_url,
	coalesce(visible_users.username, '') as initiator_by_username
from workspace_builds
	left join visible_users on workspace_builds.initiator_id = visible_users.id;

comment on view workspace_build_with_user is 'Joins in the username + avatar url of the initiated by user.';
