---
source: crates/formatter/tests/snapshots.rs
expression: formatted
---
-- We need to delete all existing API keys for soft-deleted users.
delete from api_keys where user_id in (select id from users where deleted);

-- When we soft-delete a user, we also want to delete their API key.
create function delete_deleted_user_api_keys(
) returns trigger language plpgsql as $$
DECLARE
BEGIN
	IF (NEW.deleted) THEN
		DELETE FROM api_keys
		WHERE user_id = OLD.id;
	END IF;
	RETURN NEW;
END;
$$;

create trigger trigger_update_users after insert or update on users for each row when (
	NEW.deleted = true
) execute procedure delete_deleted_user_api_keys();

-- When we insert a new api key, we want to fail if the user is soft-deleted.
create function insert_apikey_fail_if_user_deleted(
) returns trigger language plpgsql as $$

DECLARE
BEGIN
	IF (NEW.user_id IS NOT NULL) THEN
		IF (SELECT deleted FROM users WHERE id = NEW.user_id LIMIT 1) THEN
			RAISE EXCEPTION 'Cannot create API key for deleted user';
		END IF;
	END IF;
	RETURN NEW;
END;
$$;

create trigger trigger_insert_apikeys before insert on api_keys for each row execute procedure insert_apikey_fail_if_user_deleted(
);
