---
source: crates/formatter/tests/snapshots.rs
expression: formatted
---
-- name: InsertBoundarySession :one
insert into boundary_sessions (
	id,
	workspace_agent_id,
	owner_id,
	confined_process_name,
	started_at,
	updated_at
)
values
	(
		@id,
		@workspace_agent_id,
		@owner_id,
		@confined_process_name,
		@started_at,
		@updated_at
	)
returning *;

-- name: GetBoundarySessionByID :one
select bs.*, w.id as workspace_id, w.owner_id as workspace_owner_id
from
	boundary_sessions bs
	join workspace_agents wa on wa.id = bs.workspace_agent_id
	join workspace_resources wr on wr.id = wa.resource_id
	join workspace_builds wb on wb.job_id = wr.job_id
	join workspaces w on w.id = wb.workspace_id
where bs.id = @id;

-- name: InsertBoundaryLogs :many
insert into boundary_logs (
	id,
	session_id,
	owner_id,
	sequence_number,
	captured_at,
	created_at,
	proto,
	method,
	detail,
	matched_rule
)
select
	unnest(@id::uuid[]),
	@session_id::uuid,
	@owner_id::uuid,
	unnest(@sequence_number::int[]),
	unnest(@captured_at::timestamptz[]),
	unnest(@created_at::timestamptz[]),
	unnest(@proto::text[]),
	unnest(@method::text[]),
	unnest(@detail::text[]),
	NULLIF(unnest(@matched_rule::text[]), '')
returning *;

-- name: GetBoundaryLogByID :one
select * from boundary_logs where id = @id;

-- name: ListBoundaryLogsBySessionID :many
-- Lists boundary logs for a session, sorted by sequence number ascending.
-- Supports an inclusive lower bound (seq_after) and an exclusive upper bound
-- (seq_before) for fetching events between two known interceptions.
select *
from boundary_logs
where
	session_id = @session_id
	and case
		when sqlc.narg('seq_after')::int is not null
			then sequence_number >= sqlc.narg('seq_after')
		else true
	end
	and case
		when sqlc.narg('seq_before')::int is not null
			then sequence_number < sqlc.narg('seq_before')
		else true
	end
order by sequence_number asc
limit COALESCE(NULLIF(@limit_opt::int, 0), 100);

-- name: DeleteOldBoundaryLogs :execrows
-- Deletes boundary logs older than the given time, bounded by a row limit
-- to avoid long-running transactions.
with
	old_logs as (
		select id
		from boundary_logs
		where captured_at < @before_time::timestamptz
		order by captured_at asc
		limit @limit_count
	) delete from boundary_logs
using old_logs
where boundary_logs.id = old_logs.id;

-- name: DeleteOldBoundarySessions :execrows
-- Deletes boundary sessions that have aged past retention and no longer
-- have any associated logs.
with
	old_sessions as (
		select bs.id
		from boundary_sessions bs
		where
			bs.updated_at < @before_time::timestamptz
			and not exists (
				select 1
				from boundary_logs bl
				where bl.session_id = bs.id
			)
		order by bs.updated_at asc
		limit @limit_count
	) delete from boundary_sessions
using old_sessions
where boundary_sessions.id = old_sessions.id;
