---
source: crates/formatter/tests/snapshots.rs
expression: formatted
---
create type credential_kind as enum ('centralized', 'byok');

-- Records how each LLM request was authenticated and a masked credential
-- identifier for audit purposes. Existing rows default to 'centralized'
-- with an empty hint since we cannot retroactively determine their values.
alter table aibridge_interceptions add column credential_kind credential_kind not null default 'centralized',
-- Length capped as a safety measure to ensure only masked values are stored.
add column credential_hint character varying (15) not null default '';

comment on column aibridge_interceptions.credential_kind is 'How the request was authenticated: centralized or byok.';
comment on column aibridge_interceptions.credential_hint is 'Masked credential identifier for audit (e.g. sk-a***efgh).';
