---
source: crates/formatter/tests/snapshots.rs
expression: formatted
---
-- name: InsertPreset :one
insert into template_version_presets (id,
template_version_id,
name,
created_at,
desired_instances,
invalidate_after_secs,
scheduling_timezone,
is_default,
description,
icon,
last_invalidated_at)
values
	(@id,
	@template_version_id,
	@name,
	@created_at,
	@desired_instances,
	@invalidate_after_secs,
	@scheduling_timezone,
	@is_default,
	@description,
	@icon,
	@last_invalidated_at)
returning *;

-- name: InsertPresetParameters :many
insert into template_version_preset_parameters (template_version_preset_id,
name,
value)
select
	@template_version_preset_id, unnest(@names::text[]), unnest(@values::text[])
returning *;

-- name: InsertPresetPrebuildSchedule :one
insert into template_version_preset_prebuild_schedules (preset_id,
cron_expression,
desired_instances)
values (@preset_id, @cron_expression, @desired_instances)
returning *;

-- name: UpdatePresetPrebuildStatus :exec
update template_version_presets
set prebuild_status = @status
where id = @preset_id;

-- name: GetPresetsByTemplateVersionID :many
select *
from template_version_presets
where template_version_id = @template_version_id;

-- name: GetPresetByWorkspaceBuildID :one
select template_version_presets.*
from
	template_version_presets
	inner join workspace_builds on workspace_builds.template_version_preset_id
	= template_version_presets.id
where workspace_builds.id = @workspace_build_id;

-- name: GetPresetParametersByTemplateVersionID :many
select template_version_preset_parameters.*
from
	template_version_preset_parameters
	inner join template_version_presets on template_version_preset_parameters.template_version_preset_id
	= template_version_presets.id
where template_version_presets.template_version_id = @template_version_id;

-- name: GetPresetParametersByPresetID :many
select tvpp.*
from template_version_preset_parameters tvpp
where tvpp.template_version_preset_id = @preset_id;

-- name: GetPresetByID :one
select tvp.*, tv.template_id, tv.organization_id
from
	template_version_presets tvp
	inner join template_versions tv on tvp.template_version_id = tv.id
where tvp.id = @preset_id;

-- name: GetActivePresetPrebuildSchedules :many
select tvpps.*
from
	template_version_preset_prebuild_schedules tvpps
	inner join template_version_presets tvp on tvp.id = tvpps.preset_id
	inner join template_versions tv on tv.id = tvp.template_version_id
	inner join templates t on t.id = tv.template_id
where
	-- Template version is active, and template is not deleted or deprecated
	tv.id
	= t.active_version_id
	and not t.deleted
	and t.deprecated = '';

-- name: UpdatePresetsLastInvalidatedAt :many
update template_version_presets tvp
set last_invalidated_at = @last_invalidated_at
from templates t join template_versions tv on tv.id = t.active_version_id
where t.id = @template_id and tvp.template_version_id = tv.id
returning
	t.name as template_name,
	tv.name as template_version_name,
	tvp.name as template_version_preset_name;
