---
source: crates/formatter/tests/snapshots.rs
expression: formatted
---
-- name: GetAPIKeyByID :one
select * from api_keys where id = $1 limit 1;

-- name: GetAPIKeyByName :one
select *
from api_keys
where
	user_id = @user_id
	and token_name = @token_name
	and
	-- there is no unique constraint on empty token names
	token_name
	!= ''
limit 1;

-- name: GetAPIKeysLastUsedAfter :many
select * from api_keys where last_used > $1;

-- name: GetAPIKeysByLoginType :many
select *
from api_keys
where login_type = $1 and (@include_expired::bool or expires_at > now());

-- name: GetAPIKeysByUserID :many
select *
from api_keys
where
	login_type = $1
	and user_id = $2
	and (@include_expired::bool or expires_at > now());

-- name: InsertAPIKey :one
insert into api_keys (
	id,
	lifetime_seconds,
	hashed_secret,
	ip_address,
	user_id,
	last_used,
	expires_at,
	created_at,
	updated_at,
	login_type,
	scopes,
	allow_list,
	token_name
)
values
	(
		@id,
		-- If the lifetime is set to 0, default to 24hrs
		case @lifetime_seconds::bigint
			when 0 then 86400
			else @lifetime_seconds::bigint
		end,
		@hashed_secret,
		@ip_address,
		@user_id,
		@last_used,
		@expires_at,
		@created_at,
		@updated_at,
		@login_type,
		@scopes,
		@allow_list,
		@token_name
	)
returning *;

-- name: UpdateAPIKeyByID :exec
update api_keys
set last_used = $2, expires_at = $3, ip_address = $4
where id = $1;

-- name: DeleteAPIKeyByID :exec
delete from api_keys where id = $1;

-- name: DeleteApplicationConnectAPIKeysByUserID :exec
delete from api_keys
where user_id = $1 and 'coder:application_connect'::api_key_scope = any(scopes);

-- name: DeleteAPIKeysByUserID :exec
delete from api_keys where user_id = $1;

-- name: DeleteExpiredAPIKeys :execrows
with
	expired_keys as (
		select id
		from api_keys
		-- expired keys only
		where
			expires_at < @before::timestamptz
		limit @limit_count
	) delete from api_keys
using expired_keys
where api_keys.id = expired_keys.id;

-- name: ExpirePrebuildsAPIKeys :exec
-- Firstly, collect api_keys owned by the prebuilds user that correlate
-- to workspaces no longer owned by the prebuilds user.
with
	unexpired_prebuilds_workspace_session_tokens as (
		select id, SUBSTRING(token_name from 38 for 36)::uuid as workspace_id
		from api_keys
		where
			user_id = 'c42fdf75-3097-471c-8c33-fb52454d81c0'::uuid
			and expires_at > @now::timestamptz
			and token_name
			similar to 'c42fdf75-3097-471c-8c33-fb52454d81c0_[a-f0-9]{8}-[a-f0-9]{4}-[a-f0-9]{4}-[a-f0-9]{4}-[a-f0-9]{12}_session_token'
	),
	stale_prebuilds_workspace_session_tokens as (
		select upwst.id
		from unexpired_prebuilds_workspace_session_tokens upwst
			left join workspaces w on w.id = upwst.workspace_id
		where w.owner_id <> 'c42fdf75-3097-471c-8c33-fb52454d81c0'::uuid
	),
	-- Next, collect api_keys that belong to the prebuilds user but have no token name.
	-- These were most likely created via 'coder login' as the prebuilds user.
	unnamed_prebuilds_api_keys as (
		select id
		from api_keys
		where
			user_id = 'c42fdf75-3097-471c-8c33-fb52454d81c0'::uuid
			and token_name = ''
			and expires_at > @now::timestamptz
	) update api_keys
set expires_at = @now::timestamptz
where
	id in (
		select id
		from stale_prebuilds_workspace_session_tokens
		union
		select id
		from unnamed_prebuilds_api_keys
	);
