---
source: crates/formatter/tests/snapshots.rs
expression: formatted
---
-- Aggregates a user's AI spend within their effective group, one row per
-- UTC day. Drives budget enforcement and reporting.
create table ai_user_daily_spend (
	-- No FK to users. Spend records persist after user deletion.
	user_id uuid not null,
	-- No FK to groups. Spend records persist after group deletion.
	effective_group_id uuid not null,
	day date not null,
	spend_micros bigint not null check (spend_micros >= 0),
	primary key (user_id, effective_group_id, day)
);

comment on table ai_user_daily_spend is 'Daily AI spend per user and effective group.';
comment on column ai_user_daily_spend.user_id is 'The user who incurred the spend.';
comment on column ai_user_daily_spend.effective_group_id is 'The group this spend is attributed to for budget purposes.';
comment on column ai_user_daily_spend.day is 'UTC calendar day the spend was incurred.';
comment on column ai_user_daily_spend.spend_micros is 'Accumulated spend in micro-units (1 unit = 1,000,000).';

-- For queries filtering by effective_group_id alone.
create index idx_ai_user_daily_spend_effective_group_id_day on ai_user_daily_spend (
	effective_group_id,
	day
);
