---
source: crates/formatter/tests/snapshots.rs
assertion_line: 30
expression: formatted
---
-- Store arbitrary data like template source code or avatars.
create table files (
	hash varchar (64) not null,
	created_at timestamptz not null,
	-- foreign key?
	created_by uuid not null,
	mimetype varchar (64) not null,
	data bytea not null,
	primary key (hash)
);

create type provisioner_type as enum (
	'echo',
	'terraform'
);

-- Template defines infrastructure that your software template
-- requires for development.
create table templates (
	id uuid not null,
	created_at timestamptz not null,
	updated_at timestamptz not null,
	-- Templates must be scoped to an organization.
	organization_id uuid not null references organizations (id) on delete cascade,
	deleted boolean not null default false,
	name varchar (64) not null,
	provisioner provisioner_type not null,
	-- Target's a Template Version to use for Workspaces.
	-- If a Workspace doesn't match this version, it will be prompted to rebuild.
	active_version_id uuid not null,
	primary key (id),
	-- Disallow templates to have the same name under
	-- the same organization.
	UNIQUE(organization_id, name)
);

-- Enforces no active templates have the same name.
create unique index on templates (organization_id, name) where deleted = false;
create unique index idx_templates_name_lower
	on templates
	using btree(lower(name));

-- Template Versions store historical template data. When a Template Version is imported,
-- an "import" job is queued to parse parameters. A Template Version
-- can only be used if the import job succeeds.
create table template_versions (
	id uuid not null,
	-- This should be indexed. It is intentionally nullable.
	template_id uuid references templates (id) on delete cascade,
	organization_id uuid not null references organizations (id) on delete cascade,
	created_at timestamptz not null,
	updated_at timestamptz not null,
	-- Name is generated for ease of differentiation.
	-- eg. TheCozyRabbit16
	name varchar (64) not null,
	-- Extracted from a README.md on import.
	-- Maximum of 1MB.
	description varchar (1048576) not null,
	-- The job ID for building the template version.
	job_id uuid not null,
	primary key (id),
	-- Disallow templates to have the same build name
	-- multiple times.
	UNIQUE(template_id, name)
);
