---
source: crates/formatter/tests/snapshots.rs
expression: formatted
---
-- DROP the workspace_build_with_user view so that we can recreate without
-- workspace_builds.template_version_preset_id below. We need to drop the view
-- before dropping workspace_builds.template_version_preset_id because the view
-- references it. We can only recreate the view after dropping the column,
-- because the view needs to be created without the column.
drop view workspace_build_with_user;

alter table workspace_builds drop column template_version_preset_id;

drop table template_version_preset_parameters;

drop table template_version_presets;

create view workspace_build_with_user as
select
	workspace_builds.*,
	coalesce(visible_users.avatar_url, '') as initiator_by_avatar_url,
	coalesce(visible_users.username, '') as initiator_by_username
from workspace_builds
	left join visible_users on workspace_builds.initiator_id = visible_users.id;

comment on view workspace_build_with_user is 'Joins in the username + avatar url of the initiated by user.';
