---
source: crates/formatter/tests/snapshots.rs
expression: formatted
---
-- name: GetOAuth2ProviderApps :many
select * from oauth2_provider_apps order by (name, id) asc;

-- name: GetOAuth2ProviderAppByID :one
select * from oauth2_provider_apps where id = $1;

-- name: InsertOAuth2ProviderApp :one
insert into oauth2_provider_apps (id,
created_at,
updated_at,
name,
icon,
callback_url,
redirect_uris,
client_type,
dynamically_registered,
client_id_issued_at,
client_secret_expires_at,
grant_types,
response_types,
token_endpoint_auth_method,
scope,
contacts,
client_uri,
logo_uri,
tos_uri,
policy_uri,
jwks_uri,
jwks,
software_id,
software_version,
registration_access_token,
registration_client_uri)
values
	($1,
	$2,
	$3,
	$4,
	$5,
	$6,
	$7,
	$8,
	$9,
	$10,
	$11,
	$12,
	$13,
	$14,
	$15,
	$16,
	$17,
	$18,
	$19,
	$20,
	$21,
	$22,
	$23,
	$24,
	$25,
	$26)
returning *;

-- name: UpdateOAuth2ProviderAppByID :one
update oauth2_provider_apps
set
	updated_at = $2,
	name = $3,
	icon = $4,
	callback_url = $5,
	redirect_uris = $6,
	client_type = $7,
	dynamically_registered = $8,
	client_secret_expires_at = $9,
	grant_types = $10,
	response_types = $11,
	token_endpoint_auth_method = $12,
	scope = $13,
	contacts = $14,
	client_uri = $15,
	logo_uri = $16,
	tos_uri = $17,
	policy_uri = $18,
	jwks_uri = $19,
	jwks = $20,
	software_id = $21,
	software_version = $22
where id = $1
returning *;

-- name: DeleteOAuth2ProviderAppByID :exec
delete from oauth2_provider_apps where id = $1;

-- name: GetOAuth2ProviderAppSecretByID :one
select * from oauth2_provider_app_secrets where id = $1;

-- name: GetOAuth2ProviderAppSecretsByAppID :many
select *
from oauth2_provider_app_secrets
where app_id = $1
order by (created_at, id) asc;

-- name: GetOAuth2ProviderAppSecretByPrefix :one
select * from oauth2_provider_app_secrets where secret_prefix = $1;

-- name: InsertOAuth2ProviderAppSecret :one
insert into oauth2_provider_app_secrets (id,
created_at,
secret_prefix,
hashed_secret,
display_secret,
app_id)
values ($1, $2, $3, $4, $5, $6)
returning *;

-- name: DeleteOAuth2ProviderAppSecretByID :exec
delete from oauth2_provider_app_secrets where id = $1;

-- name: GetOAuth2ProviderAppCodeByID :one
select * from oauth2_provider_app_codes where id = $1;

-- name: GetOAuth2ProviderAppCodeByPrefix :one
select * from oauth2_provider_app_codes where secret_prefix = $1;

-- name: InsertOAuth2ProviderAppCode :one
insert into oauth2_provider_app_codes (id,
created_at,
expires_at,
secret_prefix,
hashed_secret,
app_id,
user_id,
resource_uri,
code_challenge,
code_challenge_method,
state_hash,
redirect_uri)
values ($1, $2, $3, $4, $5, $6, $7, $8, $9, $10, $11, $12)
returning *;

-- name: DeleteOAuth2ProviderAppCodeByID :exec
delete from oauth2_provider_app_codes where id = $1;

-- name: DeleteOAuth2ProviderAppCodesByAppAndUserID :exec
delete from oauth2_provider_app_codes where app_id = $1 and user_id = $2;

-- name: InsertOAuth2ProviderAppToken :one
insert into oauth2_provider_app_tokens (id,
created_at,
expires_at,
hash_prefix,
refresh_hash,
app_secret_id,
api_key_id,
user_id,
audience)
values ($1, $2, $3, $4, $5, $6, $7, $8, $9)
returning *;

-- name: GetOAuth2ProviderAppTokenByPrefix :one
select * from oauth2_provider_app_tokens where hash_prefix = $1;

-- name: GetOAuth2ProviderAppTokenByAPIKeyID :one
select * from oauth2_provider_app_tokens where api_key_id = $1;

-- name: GetOAuth2ProviderAppsByUserID :many
select
	COUNT(distinct oauth2_provider_app_tokens.id) as token_count,
	sqlc.embed(oauth2_provider_apps)
from
	oauth2_provider_app_tokens
	inner join oauth2_provider_app_secrets on oauth2_provider_app_secrets.id
	= oauth2_provider_app_tokens.app_secret_id
	inner join oauth2_provider_apps on oauth2_provider_apps.id
	= oauth2_provider_app_secrets.app_id
where oauth2_provider_app_tokens.user_id = $1
group by oauth2_provider_apps.id;

-- name: DeleteOAuth2ProviderAppTokensByAppAndUserID :exec
delete from oauth2_provider_app_tokens
using oauth2_provider_app_secrets
where
	oauth2_provider_app_secrets.id = oauth2_provider_app_tokens.app_secret_id
	and oauth2_provider_app_secrets.app_id = $1
	and oauth2_provider_app_tokens.user_id = $2;

-- RFC 7591/7592 Dynamic Client Registration queries

-- name: GetOAuth2ProviderAppByClientID :one
select * from oauth2_provider_apps where id = $1;

-- name: UpdateOAuth2ProviderAppByClientID :one
update oauth2_provider_apps
set
	updated_at = $2,
	name = $3,
	icon = $4,
	callback_url = $5,
	redirect_uris = $6,
	client_type = $7,
	client_secret_expires_at = $8,
	grant_types = $9,
	response_types = $10,
	token_endpoint_auth_method = $11,
	scope = $12,
	contacts = $13,
	client_uri = $14,
	logo_uri = $15,
	tos_uri = $16,
	policy_uri = $17,
	jwks_uri = $18,
	jwks = $19,
	software_id = $20,
	software_version = $21
where id = $1
returning *;

-- name: DeleteOAuth2ProviderAppByClientID :exec
delete from oauth2_provider_apps where id = $1;
