---
source: crates/formatter/tests/snapshots.rs
expression: formatted
---
alter table workspace_agents add column motd_file text not null default '';

comment on column workspace_agents.motd_file is 'Path to file inside workspace containing the message of the day (MOTD) to show to the user when logging in via SSH.';
