---
source: crates/formatter/tests/snapshots.rs
expression: formatted
---
-- name: InsertWorkspaceAgentDevcontainers :many
insert into workspace_agent_devcontainers (
	workspace_agent_id,
	created_at,
	id,
	name,
	workspace_folder,
	config_path,
	subagent_id
)
select
	@workspace_agent_id::uuid as workspace_agent_id,
	@created_at::timestamptz as created_at,
	unnest(@id::uuid[]) as id,
	unnest(@name::text[]) as name,
	unnest(@workspace_folder::text[]) as workspace_folder,
	unnest(@config_path::text[]) as config_path,
	nullif(
		unnest(@subagent_id::uuid[]),
		'00000000-0000-0000-0000-000000000000'
	)::uuid as subagent_id
returning workspace_agent_devcontainers.*;

-- name: GetWorkspaceAgentDevcontainersByAgentID :many
select *
from workspace_agent_devcontainers
where workspace_agent_id = $1
order by created_at, id;
