---
source: crates/formatter/tests/snapshots.rs
expression: formatted
---
-- name: InsertUsageEvent :exec
-- Duplicate events are ignored intentionally to allow for multiple replicas to
-- publish heartbeat events.
insert into usage_events (
	id,
	event_type,
	event_data,
	created_at,
	publish_started_at,
	published_at,
	failure_message
)
values (@id, @event_type, @event_data, @created_at, null, null, null)
on conflict (id) do nothing;

-- name: UsageEventExistsByID :one
select exists (select 1 from usage_events where id = @id)::bool;

-- name: SelectUsageEventsForPublishing :many
with
	usage_events as (
		update usage_events
		set publish_started_at = @now::timestamptz
		where
			id in (
				select potential_event.id
				from usage_events potential_event
				where
					-- Do not publish events that have already been published or
					-- have permanently failed to publish.
					potential_event.published_at
					is null
					-- Do not publish events that are already being published by
					-- another replica.
					and (
						potential_event.publish_started_at is null
						-- If the event has publish_started_at set, it must be older
						-- than an hour ago. This is so we can retry publishing
						-- events where the replica exited or couldn't update the
						-- row.
						-- The parentheses around @now::timestamptz are necessary to
						-- avoid sqlc from generating an extra argument.
						or potential_event.publish_started_at
						< (@now::timestamptz) - interval '1 hour'
					)
					-- Do not publish events older than 30 days. Tallyman will
					-- always permanently reject these events anyways. This is to
					-- avoid duplicate events being billed to customers, as
					-- Metronome will only deduplicate events within 34 days.
					-- Also, the same parentheses thing here as above.
					and potential_event.created_at
					> (@now::timestamptz) - interval '30 days'
				order by potential_event.created_at asc
				for update skip locked
				limit 100
			)
		returning *
	)
select *
-- Note that this selects from the CTE, not the original table. The CTE is named
-- the same as the original table to trick sqlc into reusing the existing struct
-- for the table.
from usage_events
-- The CTE and the reorder is required because UPDATE doesn't guarantee order.
order by
	created_at asc;

-- name: UpdateUsageEventsPostPublish :exec
update usage_events
set
	publish_started_at = null,
	published_at = case
		when input.set_published_at then @now::timestamptz
		else null
	end,
	failure_message = nullif(input.failure_message, '')
from (
	select
		unnest(@ids::text[]) as id,
		unnest(@failure_messages::text[]) as failure_message,
		unnest(@set_published_ats::boolean[]) as set_published_at
) input
where
	input.id = usage_events.id
	-- If the number of ids, failure messages, and set published ats are not the
	-- same, do not do anything. Unfortunately you can't really throw from a
	-- query without writing a function or doing some jank like dividing by
	-- zero, so this is the best we can do.
	and cardinality(@ids::text[]) = cardinality(@failure_messages::text[])
	and cardinality(@ids::text[]) = cardinality(@set_published_ats::boolean[]);

-- name: GetTotalUsageDCManagedAgentsV1 :one
-- Gets the total number of managed agents created between two dates. Uses the
-- aggregate table to avoid large scans or a complex index on the usage_events
-- table.
--
-- This has the trade off that we can't count accurately between two exact
-- timestamps. The provided timestamps will be converted to UTC and truncated to
-- the events that happened on and between the two dates. Both dates are
-- inclusive.
select
	-- The first cast is necessary since you can't sum strings, and the second
	-- cast is necessary to make sqlc happy.
	coalesce(sum((usage_data ->> 'count')::bigint), 0)::bigint as total_count
from usage_events_daily
where
	event_type = 'dc_managed_agents_v1'
	-- Parentheses are necessary to avoid sqlc from generating an extra
	-- argument.
	and day
	between date_trunc('day', (@start_date::timestamptz) at time zone 'UTC')::date
	and date_trunc('day', (@end_date::timestamptz) at time zone 'UTC')::date;
