---
source: crates/formatter/tests/snapshots.rs
expression: formatted
---
do $$
	begin
		if to_regclass('chat_providers') is null then
			return;
		end if;

		-- Restore placeholder provider rows before re-adding the provider FK.
		--
		-- The companion up migration dropped chat_model_configs.provider's foreign
		-- key, so historical model-config rows can outlive a deleted provider row.
		-- These backfilled providers are deliberately disabled stubs with empty
		-- credential fields, which lets rollback restore referential integrity
		-- without re-enabling a provider. This insert depends on the current
		-- provider whitelist still admitting every historical
		-- chat_model_configs.provider value, and on the omitted columns keeping
		-- compatible defaults. Operators restoring a real provider should update the
		-- stub row, including credential-policy flags such as
		-- central_api_key_enabled, before enabling it, rather than insert a second
		-- row with the same provider name.
		insert into chat_providers (provider,
		enabled)
		select distinct cmc.provider, false
		from
			chat_model_configs cmc
			left join chat_providers cp on cp.provider = cmc.provider
		where cp.provider is null;
		alter table chat_model_configs add constraint chat_model_configs_provider_fkey foreign key (
			provider
		) references chat_providers (provider) on delete cascade;
	end
$$;
