---
source: crates/formatter/tests/snapshots.rs
assertion_line: 30
expression: formatted
---
-- No one is using this feature yet as of writing this migration, so this is
-- fine. Just delete all workspace proxies to prevent the new index from having
-- conflicts.
delete from workspace_proxies;

drop index if exists workspace_proxies_name_idx;
create unique index workspace_proxies_lower_name_idx
	on workspace_proxies
	using btree(lower(name))
	where deleted = false;
